MPLINK 5.09, LINKER
Linker Map File - Created Fri May 17 22:34:16 2019

                                 Section Info
                  Section       Type    Address   Location Size(Bytes)
                ---------  ---------  ---------  ---------  ---------
                   .org_0       code   0x000000    program   0x000004
                   .cinit    romdata   0x000004    program   0x000002
                   .org_1       code   0x000020    program   0x00006a
.config_300000_BUILD/DEFAULT/PRODUCTION/CUENTAP    romdata   0x300000    program   0x000001
.config_300001_BUILD/DEFAULT/PRODUCTION/CUENTAP    romdata   0x300001    program   0x000001
.config_300002_BUILD/DEFAULT/PRODUCTION/CUENTAP    romdata   0x300002    program   0x000001
.config_300003_BUILD/DEFAULT/PRODUCTION/CUENTAP    romdata   0x300003    program   0x000001
.config_300005_BUILD/DEFAULT/PRODUCTION/CUENTAP    romdata   0x300005    program   0x000001
.config_300006_BUILD/DEFAULT/PRODUCTION/CUENTAP    romdata   0x300006    program   0x000001



                              Program Memory Usage 
                               Start         End      
                           ---------   ---------      
                            0x000000    0x000005      
                            0x000020    0x000089      
                            0x300000    0x300003      
                            0x300005    0x300006      
            118 out of 33048 program addresses used, program memory utilization is 0%



                              Symbols - Sorted by Name
                     Name    Address   Location    Storage File                     
                ---------  ---------  ---------  --------- ---------                
                      LX1   0x00006a    program     static C:\Users\Sebastian\Documents\CICLO 5\SISTEMA DIGITALES\LABORATORIO 3\CuentaPulsos_BCD.X\CuentaPulsos_BCD.asm
                      LX2   0x00006e    program     static C:\Users\Sebastian\Documents\CICLO 5\SISTEMA DIGITALES\LABORATORIO 3\CuentaPulsos_BCD.X\CuentaPulsos_BCD.asm
                      LX3   0x000072    program     static C:\Users\Sebastian\Documents\CICLO 5\SISTEMA DIGITALES\LABORATORIO 3\CuentaPulsos_BCD.X\CuentaPulsos_BCD.asm
               delay_50ms   0x000068    program     static C:\Users\Sebastian\Documents\CICLO 5\SISTEMA DIGITALES\LABORATORIO 3\CuentaPulsos_BCD.X\CuentaPulsos_BCD.asm
                      fin   0x000064    program     static C:\Users\Sebastian\Documents\CICLO 5\SISTEMA DIGITALES\LABORATORIO 3\CuentaPulsos_BCD.X\CuentaPulsos_BCD.asm
                   inicio   0x000038    program     static C:\Users\Sebastian\Documents\CICLO 5\SISTEMA DIGITALES\LABORATORIO 3\CuentaPulsos_BCD.X\CuentaPulsos_BCD.asm
                     main   0x000020    program     static C:\Users\Sebastian\Documents\CICLO 5\SISTEMA DIGITALES\LABORATORIO 3\CuentaPulsos_BCD.X\CuentaPulsos_BCD.asm
                  nomenor   0x000054    program     static C:\Users\Sebastian\Documents\CICLO 5\SISTEMA DIGITALES\LABORATORIO 3\CuentaPulsos_BCD.X\CuentaPulsos_BCD.asm
                   soltar   0x00003e    program     static C:\Users\Sebastian\Documents\CICLO 5\SISTEMA DIGITALES\LABORATORIO 3\CuentaPulsos_BCD.X\CuentaPulsos_BCD.asm



                              Symbols - Sorted by Address
                     Name    Address   Location    Storage File                     
                ---------  ---------  ---------  --------- ---------                
                     main   0x000020    program     static C:\Users\Sebastian\Documents\CICLO 5\SISTEMA DIGITALES\LABORATORIO 3\CuentaPulsos_BCD.X\CuentaPulsos_BCD.asm
                   inicio   0x000038    program     static C:\Users\Sebastian\Documents\CICLO 5\SISTEMA DIGITALES\LABORATORIO 3\CuentaPulsos_BCD.X\CuentaPulsos_BCD.asm
                   soltar   0x00003e    program     static C:\Users\Sebastian\Documents\CICLO 5\SISTEMA DIGITALES\LABORATORIO 3\CuentaPulsos_BCD.X\CuentaPulsos_BCD.asm
                  nomenor   0x000054    program     static C:\Users\Sebastian\Documents\CICLO 5\SISTEMA DIGITALES\LABORATORIO 3\CuentaPulsos_BCD.X\CuentaPulsos_BCD.asm
                      fin   0x000064    program     static C:\Users\Sebastian\Documents\CICLO 5\SISTEMA DIGITALES\LABORATORIO 3\CuentaPulsos_BCD.X\CuentaPulsos_BCD.asm
               delay_50ms   0x000068    program     static C:\Users\Sebastian\Documents\CICLO 5\SISTEMA DIGITALES\LABORATORIO 3\CuentaPulsos_BCD.X\CuentaPulsos_BCD.asm
                      LX1   0x00006a    program     static C:\Users\Sebastian\Documents\CICLO 5\SISTEMA DIGITALES\LABORATORIO 3\CuentaPulsos_BCD.X\CuentaPulsos_BCD.asm
                      LX2   0x00006e    program     static C:\Users\Sebastian\Documents\CICLO 5\SISTEMA DIGITALES\LABORATORIO 3\CuentaPulsos_BCD.X\CuentaPulsos_BCD.asm
                      LX3   0x000072    program     static C:\Users\Sebastian\Documents\CICLO 5\SISTEMA DIGITALES\LABORATORIO 3\CuentaPulsos_BCD.X\CuentaPulsos_BCD.asm


