MPLINK 5.09, LINKER
Linker Map File - Created Sat Jun 29 11:43:11 2019

                                 Section Info
                  Section       Type    Address   Location Size(Bytes)
                ---------  ---------  ---------  ---------  ---------
                   .org_0       code   0x000000    program   0x000004
                   .cinit    romdata   0x000004    program   0x000002
                   .org_1       code   0x000020    program   0x0001b6
.config_300000_BUILD/DEFAULT/PRODUCTION/LAB6.O    romdata   0x300000    program   0x000001
.config_300001_BUILD/DEFAULT/PRODUCTION/LAB6.O    romdata   0x300001    program   0x000001
.config_300002_BUILD/DEFAULT/PRODUCTION/LAB6.O    romdata   0x300002    program   0x000001
.config_300003_BUILD/DEFAULT/PRODUCTION/LAB6.O    romdata   0x300003    program   0x000001
.config_300005_BUILD/DEFAULT/PRODUCTION/LAB6.O    romdata   0x300005    program   0x000001
.config_300006_BUILD/DEFAULT/PRODUCTION/LAB6.O    romdata   0x300006    program   0x000001



                              Program Memory Usage 
                               Start         End      
                           ---------   ---------      
                            0x000000    0x000005      
                            0x000020    0x0001d5      
                            0x300000    0x300003      
                            0x300005    0x300006      
            450 out of 33048 program addresses used, program memory utilization is 1%



                              Symbols - Sorted by Name
                     Name    Address   Location    Storage File                     
                ---------  ---------  ---------  --------- ---------                
                   ENABLE   0x000180    program     static C:\Users\Sebastian\Documents\CICLO 5\SISTEMA DIGITALES\LABORATORIO 6\Lab 6.X\LAB6.asm
                  IMPRIME   0x000190    program     static C:\Users\Sebastian\Documents\CICLO 5\SISTEMA DIGITALES\LABORATORIO 6\Lab 6.X\LAB6.asm
                INICIANDO   0x000040    program     static C:\Users\Sebastian\Documents\CICLO 5\SISTEMA DIGITALES\LABORATORIO 6\Lab 6.X\LAB6.asm
                   INICIO   0x000036    program     static C:\Users\Sebastian\Documents\CICLO 5\SISTEMA DIGITALES\LABORATORIO 6\Lab 6.X\LAB6.asm
               INICIO_LCD   0x000148    program     static C:\Users\Sebastian\Documents\CICLO 5\SISTEMA DIGITALES\LABORATORIO 6\Lab 6.X\LAB6.asm
                       L1   0x0001b8    program     static C:\Users\Sebastian\Documents\CICLO 5\SISTEMA DIGITALES\LABORATORIO 6\Lab 6.X\LAB6.asm
                       L2   0x0001cc    program     static C:\Users\Sebastian\Documents\CICLO 5\SISTEMA DIGITALES\LABORATORIO 6\Lab 6.X\LAB6.asm
                   LIMPIA   0x000174    program     static C:\Users\Sebastian\Documents\CICLO 5\SISTEMA DIGITALES\LABORATORIO 6\Lab 6.X\LAB6.asm
                   LINEA2   0x00019e    program     static C:\Users\Sebastian\Documents\CICLO 5\SISTEMA DIGITALES\LABORATORIO 6\Lab 6.X\LAB6.asm
              RETARDO_1MS   0x0001c2    program     static C:\Users\Sebastian\Documents\CICLO 5\SISTEMA DIGITALES\LABORATORIO 6\Lab 6.X\LAB6.asm
            RETARDO_500MS   0x0001aa    program     static C:\Users\Sebastian\Documents\CICLO 5\SISTEMA DIGITALES\LABORATORIO 6\Lab 6.X\LAB6.asm
                 VERIFICA   0x0000bc    program     static C:\Users\Sebastian\Documents\CICLO 5\SISTEMA DIGITALES\LABORATORIO 6\Lab 6.X\LAB6.asm
                       XX   0x0000c2    program     static C:\Users\Sebastian\Documents\CICLO 5\SISTEMA DIGITALES\LABORATORIO 6\Lab 6.X\LAB6.asm
             _.org_1_0144   0x000144    program     static C:\Users\Sebastian\Documents\CICLO 5\SISTEMA DIGITALES\LABORATORIO 6\Lab 6.X\LAB6.asm
                     main   0x000020    program     static C:\Users\Sebastian\Documents\CICLO 5\SISTEMA DIGITALES\LABORATORIO 6\Lab 6.X\LAB6.asm



                              Symbols - Sorted by Address
                     Name    Address   Location    Storage File                     
                ---------  ---------  ---------  --------- ---------                
                     main   0x000020    program     static C:\Users\Sebastian\Documents\CICLO 5\SISTEMA DIGITALES\LABORATORIO 6\Lab 6.X\LAB6.asm
                   INICIO   0x000036    program     static C:\Users\Sebastian\Documents\CICLO 5\SISTEMA DIGITALES\LABORATORIO 6\Lab 6.X\LAB6.asm
                INICIANDO   0x000040    program     static C:\Users\Sebastian\Documents\CICLO 5\SISTEMA DIGITALES\LABORATORIO 6\Lab 6.X\LAB6.asm
                 VERIFICA   0x0000bc    program     static C:\Users\Sebastian\Documents\CICLO 5\SISTEMA DIGITALES\LABORATORIO 6\Lab 6.X\LAB6.asm
                       XX   0x0000c2    program     static C:\Users\Sebastian\Documents\CICLO 5\SISTEMA DIGITALES\LABORATORIO 6\Lab 6.X\LAB6.asm
             _.org_1_0144   0x000144    program     static C:\Users\Sebastian\Documents\CICLO 5\SISTEMA DIGITALES\LABORATORIO 6\Lab 6.X\LAB6.asm
               INICIO_LCD   0x000148    program     static C:\Users\Sebastian\Documents\CICLO 5\SISTEMA DIGITALES\LABORATORIO 6\Lab 6.X\LAB6.asm
                   LIMPIA   0x000174    program     static C:\Users\Sebastian\Documents\CICLO 5\SISTEMA DIGITALES\LABORATORIO 6\Lab 6.X\LAB6.asm
                   ENABLE   0x000180    program     static C:\Users\Sebastian\Documents\CICLO 5\SISTEMA DIGITALES\LABORATORIO 6\Lab 6.X\LAB6.asm
                  IMPRIME   0x000190    program     static C:\Users\Sebastian\Documents\CICLO 5\SISTEMA DIGITALES\LABORATORIO 6\Lab 6.X\LAB6.asm
                   LINEA2   0x00019e    program     static C:\Users\Sebastian\Documents\CICLO 5\SISTEMA DIGITALES\LABORATORIO 6\Lab 6.X\LAB6.asm
            RETARDO_500MS   0x0001aa    program     static C:\Users\Sebastian\Documents\CICLO 5\SISTEMA DIGITALES\LABORATORIO 6\Lab 6.X\LAB6.asm
                       L1   0x0001b8    program     static C:\Users\Sebastian\Documents\CICLO 5\SISTEMA DIGITALES\LABORATORIO 6\Lab 6.X\LAB6.asm
              RETARDO_1MS   0x0001c2    program     static C:\Users\Sebastian\Documents\CICLO 5\SISTEMA DIGITALES\LABORATORIO 6\Lab 6.X\LAB6.asm
                       L2   0x0001cc    program     static C:\Users\Sebastian\Documents\CICLO 5\SISTEMA DIGITALES\LABORATORIO 6\Lab 6.X\LAB6.asm


