MPLINK 5.09, LINKER
Linker Map File - Created Fri Jun 14 14:47:12 2019

                                 Section Info
                  Section       Type    Address   Location Size(Bytes)
                ---------  ---------  ---------  ---------  ---------
                   .org_1       code   0x000000    program   0x000004
                   .cinit    romdata   0x000004    program   0x000002
                   .org_2       code   0x000020    program   0x00008c
                   .org_0       code   0x005000    program   0x00000c
.config_300000_BUILD/DEFAULT/PRODUCTION/TBLRD_D    romdata   0x300000    program   0x000001
.config_300001_BUILD/DEFAULT/PRODUCTION/TBLRD_D    romdata   0x300001    program   0x000001
.config_300002_BUILD/DEFAULT/PRODUCTION/TBLRD_D    romdata   0x300002    program   0x000001
.config_300003_BUILD/DEFAULT/PRODUCTION/TBLRD_D    romdata   0x300003    program   0x000001
.config_300005_BUILD/DEFAULT/PRODUCTION/TBLRD_D    romdata   0x300005    program   0x000001
.config_300006_BUILD/DEFAULT/PRODUCTION/TBLRD_D    romdata   0x300006    program   0x000001



                              Program Memory Usage 
                               Start         End      
                           ---------   ---------      
                            0x000000    0x000005      
                            0x000020    0x0000ab      
                            0x005000    0x00500b      
                            0x300000    0x300003      
                            0x300005    0x300006      
            164 out of 33048 program addresses used, program memory utilization is 0%



                              Symbols - Sorted by Name
                     Name    Address   Location    Storage File                     
                ---------  ---------  ---------  --------- ---------                
                      LT1   0x00005e    program     static C:\Users\Sebastian\Documents\CICLO 5\SISTEMA DIGITALES\LABORATORIO 5\TBLRD_Display.X\TBLRD_Display.asm
                      LT2   0x000078    program     static C:\Users\Sebastian\Documents\CICLO 5\SISTEMA DIGITALES\LABORATORIO 5\TBLRD_Display.X\TBLRD_Display.asm
                      LT3   0x00009a    program     static C:\Users\Sebastian\Documents\CICLO 5\SISTEMA DIGITALES\LABORATORIO 5\TBLRD_Display.X\TBLRD_Display.asm
                     LTX2   0x00006e    program     static C:\Users\Sebastian\Documents\CICLO 5\SISTEMA DIGITALES\LABORATORIO 5\TBLRD_Display.X\TBLRD_Display.asm
                     LTX3   0x000090    program     static C:\Users\Sebastian\Documents\CICLO 5\SISTEMA DIGITALES\LABORATORIO 5\TBLRD_Display.X\TBLRD_Display.asm
                 TablaBCD   0x005000    program     static C:\Users\Sebastian\Documents\CICLO 5\SISTEMA DIGITALES\LABORATORIO 5\TBLRD_Display.X\TBLRD_Display.asm
         delayTimer_100us   0x000050    program     static C:\Users\Sebastian\Documents\CICLO 5\SISTEMA DIGITALES\LABORATORIO 5\TBLRD_Display.X\TBLRD_Display.asm
           delayTimer_1ms   0x000068    program     static C:\Users\Sebastian\Documents\CICLO 5\SISTEMA DIGITALES\LABORATORIO 5\TBLRD_Display.X\TBLRD_Display.asm
          delayTimer_50ms   0x00008a    program     static C:\Users\Sebastian\Documents\CICLO 5\SISTEMA DIGITALES\LABORATORIO 5\TBLRD_Display.X\TBLRD_Display.asm
                      fin   0x00004c    program     static C:\Users\Sebastian\Documents\CICLO 5\SISTEMA DIGITALES\LABORATORIO 5\TBLRD_Display.X\TBLRD_Display.asm
                 leeTabla   0x000032    program     static C:\Users\Sebastian\Documents\CICLO 5\SISTEMA DIGITALES\LABORATORIO 5\TBLRD_Display.X\TBLRD_Display.asm
                     main   0x000020    program     static C:\Users\Sebastian\Documents\CICLO 5\SISTEMA DIGITALES\LABORATORIO 5\TBLRD_Display.X\TBLRD_Display.asm
                    print   0x000040    program     static C:\Users\Sebastian\Documents\CICLO 5\SISTEMA DIGITALES\LABORATORIO 5\TBLRD_Display.X\TBLRD_Display.asm



                              Symbols - Sorted by Address
                     Name    Address   Location    Storage File                     
                ---------  ---------  ---------  --------- ---------                
                     main   0x000020    program     static C:\Users\Sebastian\Documents\CICLO 5\SISTEMA DIGITALES\LABORATORIO 5\TBLRD_Display.X\TBLRD_Display.asm
                 leeTabla   0x000032    program     static C:\Users\Sebastian\Documents\CICLO 5\SISTEMA DIGITALES\LABORATORIO 5\TBLRD_Display.X\TBLRD_Display.asm
                    print   0x000040    program     static C:\Users\Sebastian\Documents\CICLO 5\SISTEMA DIGITALES\LABORATORIO 5\TBLRD_Display.X\TBLRD_Display.asm
                      fin   0x00004c    program     static C:\Users\Sebastian\Documents\CICLO 5\SISTEMA DIGITALES\LABORATORIO 5\TBLRD_Display.X\TBLRD_Display.asm
         delayTimer_100us   0x000050    program     static C:\Users\Sebastian\Documents\CICLO 5\SISTEMA DIGITALES\LABORATORIO 5\TBLRD_Display.X\TBLRD_Display.asm
                      LT1   0x00005e    program     static C:\Users\Sebastian\Documents\CICLO 5\SISTEMA DIGITALES\LABORATORIO 5\TBLRD_Display.X\TBLRD_Display.asm
           delayTimer_1ms   0x000068    program     static C:\Users\Sebastian\Documents\CICLO 5\SISTEMA DIGITALES\LABORATORIO 5\TBLRD_Display.X\TBLRD_Display.asm
                     LTX2   0x00006e    program     static C:\Users\Sebastian\Documents\CICLO 5\SISTEMA DIGITALES\LABORATORIO 5\TBLRD_Display.X\TBLRD_Display.asm
                      LT2   0x000078    program     static C:\Users\Sebastian\Documents\CICLO 5\SISTEMA DIGITALES\LABORATORIO 5\TBLRD_Display.X\TBLRD_Display.asm
          delayTimer_50ms   0x00008a    program     static C:\Users\Sebastian\Documents\CICLO 5\SISTEMA DIGITALES\LABORATORIO 5\TBLRD_Display.X\TBLRD_Display.asm
                     LTX3   0x000090    program     static C:\Users\Sebastian\Documents\CICLO 5\SISTEMA DIGITALES\LABORATORIO 5\TBLRD_Display.X\TBLRD_Display.asm
                      LT3   0x00009a    program     static C:\Users\Sebastian\Documents\CICLO 5\SISTEMA DIGITALES\LABORATORIO 5\TBLRD_Display.X\TBLRD_Display.asm
                 TablaBCD   0x005000    program     static C:\Users\Sebastian\Documents\CICLO 5\SISTEMA DIGITALES\LABORATORIO 5\TBLRD_Display.X\TBLRD_Display.asm


