MPLINK 5.09, LINKER
Linker Map File - Created Fri May 17 22:30:21 2019

                                 Section Info
                  Section       Type    Address   Location Size(Bytes)
                ---------  ---------  ---------  ---------  ---------
                   .org_0       code   0x000000    program   0x000004
                   .cinit    romdata   0x000004    program   0x000002
                   .org_1       code   0x000020    program   0x00005c
.config_300000_BUILD/DEFAULT/PRODUCTION/CONTADO    romdata   0x300000    program   0x000001
.config_300001_BUILD/DEFAULT/PRODUCTION/CONTADO    romdata   0x300001    program   0x000001
.config_300002_BUILD/DEFAULT/PRODUCTION/CONTADO    romdata   0x300002    program   0x000001
.config_300003_BUILD/DEFAULT/PRODUCTION/CONTADO    romdata   0x300003    program   0x000001
.config_300005_BUILD/DEFAULT/PRODUCTION/CONTADO    romdata   0x300005    program   0x000001
.config_300006_BUILD/DEFAULT/PRODUCTION/CONTADO    romdata   0x300006    program   0x000001



                              Program Memory Usage 
                               Start         End      
                           ---------   ---------      
                            0x000000    0x000005      
                            0x000020    0x00007b      
                            0x300000    0x300003      
                            0x300005    0x300006      
            104 out of 33048 program addresses used, program memory utilization is 0%



                              Symbols - Sorted by Name
                     Name    Address   Location    Storage File                     
                ---------  ---------  ---------  --------- ---------                
                      LX1   0x00005c    program     static C:\Users\Sebastian\Documents\CICLO 5\SISTEMA DIGITALES\LABORATORIO 3\Contador99.X\Contador99.asm
                      LX2   0x000060    program     static C:\Users\Sebastian\Documents\CICLO 5\SISTEMA DIGITALES\LABORATORIO 3\Contador99.X\Contador99.asm
                      LX3   0x000064    program     static C:\Users\Sebastian\Documents\CICLO 5\SISTEMA DIGITALES\LABORATORIO 3\Contador99.X\Contador99.asm
               delay_50ms   0x00005a    program     static C:\Users\Sebastian\Documents\CICLO 5\SISTEMA DIGITALES\LABORATORIO 3\Contador99.X\Contador99.asm
                      fin   0x000056    program     static C:\Users\Sebastian\Documents\CICLO 5\SISTEMA DIGITALES\LABORATORIO 3\Contador99.X\Contador99.asm
                     main   0x000020    program     static C:\Users\Sebastian\Documents\CICLO 5\SISTEMA DIGITALES\LABORATORIO 3\Contador99.X\Contador99.asm
                  nomenor   0x00003e    program     static C:\Users\Sebastian\Documents\CICLO 5\SISTEMA DIGITALES\LABORATORIO 3\Contador99.X\Contador99.asm
                    sigue   0x00002e    program     static C:\Users\Sebastian\Documents\CICLO 5\SISTEMA DIGITALES\LABORATORIO 3\Contador99.X\Contador99.asm



                              Symbols - Sorted by Address
                     Name    Address   Location    Storage File                     
                ---------  ---------  ---------  --------- ---------                
                     main   0x000020    program     static C:\Users\Sebastian\Documents\CICLO 5\SISTEMA DIGITALES\LABORATORIO 3\Contador99.X\Contador99.asm
                    sigue   0x00002e    program     static C:\Users\Sebastian\Documents\CICLO 5\SISTEMA DIGITALES\LABORATORIO 3\Contador99.X\Contador99.asm
                  nomenor   0x00003e    program     static C:\Users\Sebastian\Documents\CICLO 5\SISTEMA DIGITALES\LABORATORIO 3\Contador99.X\Contador99.asm
                      fin   0x000056    program     static C:\Users\Sebastian\Documents\CICLO 5\SISTEMA DIGITALES\LABORATORIO 3\Contador99.X\Contador99.asm
               delay_50ms   0x00005a    program     static C:\Users\Sebastian\Documents\CICLO 5\SISTEMA DIGITALES\LABORATORIO 3\Contador99.X\Contador99.asm
                      LX1   0x00005c    program     static C:\Users\Sebastian\Documents\CICLO 5\SISTEMA DIGITALES\LABORATORIO 3\Contador99.X\Contador99.asm
                      LX2   0x000060    program     static C:\Users\Sebastian\Documents\CICLO 5\SISTEMA DIGITALES\LABORATORIO 3\Contador99.X\Contador99.asm
                      LX3   0x000064    program     static C:\Users\Sebastian\Documents\CICLO 5\SISTEMA DIGITALES\LABORATORIO 3\Contador99.X\Contador99.asm


