MPLINK 5.08, LINKER
Linker Map File - Created Mon May 06 23:01:56 2019

                                 Section Info
                  Section       Type    Address   Location Size(Bytes)
                ---------  ---------  ---------  ---------  ---------
                   .org_0       code   0x000000    program   0x000004
                   .cinit    romdata   0x000004    program   0x000002
                   .org_1       code   0x000020    program   0x000050
.config_300000_BUILD/DEFAULT/PRODUCTION/CUENTAP    romdata   0x300000    program   0x000001
.config_300001_BUILD/DEFAULT/PRODUCTION/CUENTAP    romdata   0x300001    program   0x000001
.config_300002_BUILD/DEFAULT/PRODUCTION/CUENTAP    romdata   0x300002    program   0x000001
.config_300003_BUILD/DEFAULT/PRODUCTION/CUENTAP    romdata   0x300003    program   0x000001
.config_300005_BUILD/DEFAULT/PRODUCTION/CUENTAP    romdata   0x300005    program   0x000001
.config_300006_BUILD/DEFAULT/PRODUCTION/CUENTAP    romdata   0x300006    program   0x000001



                              Program Memory Usage 
                               Start         End      
                           ---------   ---------      
                            0x000000    0x000005      
                            0x000020    0x00006f      
                            0x300000    0x300003      
                            0x300005    0x300006      
            92 out of 33048 program addresses used, program memory utilization is 0%



                              Symbols - Sorted by Name
                     Name    Address   Location    Storage File                     
                ---------  ---------  ---------  --------- ---------                
                      LX1   0x000050    program     static D:\Microcontroladores\MicroPIC\PIC18F4550\MPLABX\ASM\CuentaPulsos_Binario.X\CuentaPulsos_Binario.asm
                      LX2   0x000054    program     static D:\Microcontroladores\MicroPIC\PIC18F4550\MPLABX\ASM\CuentaPulsos_Binario.X\CuentaPulsos_Binario.asm
                      LX3   0x000058    program     static D:\Microcontroladores\MicroPIC\PIC18F4550\MPLABX\ASM\CuentaPulsos_Binario.X\CuentaPulsos_Binario.asm
               delay_50ms   0x00004e    program     static D:\Microcontroladores\MicroPIC\PIC18F4550\MPLABX\ASM\CuentaPulsos_Binario.X\CuentaPulsos_Binario.asm
                      fin   0x00004a    program     static D:\Microcontroladores\MicroPIC\PIC18F4550\MPLABX\ASM\CuentaPulsos_Binario.X\CuentaPulsos_Binario.asm
                   inicio   0x00002e    program     static D:\Microcontroladores\MicroPIC\PIC18F4550\MPLABX\ASM\CuentaPulsos_Binario.X\CuentaPulsos_Binario.asm
                     main   0x000020    program     static D:\Microcontroladores\MicroPIC\PIC18F4550\MPLABX\ASM\CuentaPulsos_Binario.X\CuentaPulsos_Binario.asm
                   soltar   0x000034    program     static D:\Microcontroladores\MicroPIC\PIC18F4550\MPLABX\ASM\CuentaPulsos_Binario.X\CuentaPulsos_Binario.asm



                              Symbols - Sorted by Address
                     Name    Address   Location    Storage File                     
                ---------  ---------  ---------  --------- ---------                
                     main   0x000020    program     static D:\Microcontroladores\MicroPIC\PIC18F4550\MPLABX\ASM\CuentaPulsos_Binario.X\CuentaPulsos_Binario.asm
                   inicio   0x00002e    program     static D:\Microcontroladores\MicroPIC\PIC18F4550\MPLABX\ASM\CuentaPulsos_Binario.X\CuentaPulsos_Binario.asm
                   soltar   0x000034    program     static D:\Microcontroladores\MicroPIC\PIC18F4550\MPLABX\ASM\CuentaPulsos_Binario.X\CuentaPulsos_Binario.asm
                      fin   0x00004a    program     static D:\Microcontroladores\MicroPIC\PIC18F4550\MPLABX\ASM\CuentaPulsos_Binario.X\CuentaPulsos_Binario.asm
               delay_50ms   0x00004e    program     static D:\Microcontroladores\MicroPIC\PIC18F4550\MPLABX\ASM\CuentaPulsos_Binario.X\CuentaPulsos_Binario.asm
                      LX1   0x000050    program     static D:\Microcontroladores\MicroPIC\PIC18F4550\MPLABX\ASM\CuentaPulsos_Binario.X\CuentaPulsos_Binario.asm
                      LX2   0x000054    program     static D:\Microcontroladores\MicroPIC\PIC18F4550\MPLABX\ASM\CuentaPulsos_Binario.X\CuentaPulsos_Binario.asm
                      LX3   0x000058    program     static D:\Microcontroladores\MicroPIC\PIC18F4550\MPLABX\ASM\CuentaPulsos_Binario.X\CuentaPulsos_Binario.asm


